[
    {
        "name": "New Year's Day",
        "date": "2024-01-01"
    },
    {
        "name": "Epifania",
        "date": "2024-01-06"
    },
    {
        "name": "St. Joseph's Day",
        "date": "2024-03-19"
    },
    {
        "name": "Easter Monday",
        "date": "2024-04-01"
    },
    {
        "name": "Labour Day",
        "date": "2024-05-01"
    },
    {
        "name": "Ascension Day",
        "date": "2024-05-09"
    },
    {
        "name": "Whit Monday",
        "date": "2024-05-20"
    },
    {
        "name": "Corpus Christi",
        "date": "2024-05-30"
    },
    {
        "name": "San Pietro e Paolo",
        "date": "2024-06-29"
    },
    {
        "name": "Swiss National Day",
        "date": "2024-08-01"
    },
    {
        "name": "Assumption Day",
        "date": "2024-08-15"
    },
    {
        "name": "All Saints' Day",
        "date": "2024-11-01"
    },
    {
        "name": "Immaculate Conception",
        "date": "2024-12-08"
    },
    {
        "name": "Christmas Day",
        "date": "2024-12-25"
    },
    {
        "name": "St. Stephen's Day",
        "date": "2024-12-26"
    }
]