[
    {
        "name": "New Year's Day",
        "date": "2024-01-01"
    },
    {
        "name": "Berchtold's Day",
        "date": "2024-01-02"
    },
    {
        "name": "Good Friday",
        "date": "2024-03-29"
    },
    {
        "name": "Easter Monday",
        "date": "2024-04-01"
    },
    {
        "name": "Ascension Day",
        "date": "2024-05-09"
    },
    {
        "name": "Whit Monday",
        "date": "2024-05-20"
    },
    {
        "name": "Swiss National Day",
        "date": "2024-08-01"
    },
    {
        "name": "Christmas Day",
        "date": "2024-12-25"
    }
]