[
    {
        "name": "New Year's Day",
        "date": "2024-01-01"
    },
    {
        "name": "Berchtold's Day",
        "date": "2024-01-02"
    },
    {
        "name": "Good Friday",
        "date": "2024-03-29"
    },
    {
        "name": "Easter Monday",
        "date": "2024-04-01"
    },
    {
        "name": "Labour Day",
        "date": "2024-05-01"
    },
    {
        "name": "Ascension Day",
        "date": "2024-05-09"
    },
    {
        "name": "Whit Monday",
        "date": "2024-05-20"
    },
    {
        "name": "Corpus Christi",
        "date": "2024-05-30"
    },
    {
        "name": "Comm\u00e9moration du pl\u00e9biscite jurassien",
        "date": "2024-06-23"
    },
    {
        "name": "Swiss National Day",
        "date": "2024-08-01"
    },
    {
        "name": "Assumption Day",
        "date": "2024-08-15"
    },
    {
        "name": "All Saints' Day",
        "date": "2024-11-01"
    },
    {
        "name": "Christmas Day",
        "date": "2024-12-25"
    }
]