[
    {
        "name": "New Year's Day",
        "date": "2024-01-01"
    },
    {
        "name": "Good Friday",
        "date": "2024-03-29"
    },
    {
        "name": "Easter Monday",
        "date": "2024-04-01"
    },
    {
        "name": "Ascension Day",
        "date": "2024-05-09"
    },
    {
        "name": "Whit Monday",
        "date": "2024-05-20"
    },
    {
        "name": "Swiss National Day",
        "date": "2024-08-01"
    },
    {
        "name": "Je\u00fbne genevois",
        "date": "2024-09-05"
    },
    {
        "name": "Christmas Day",
        "date": "2024-12-25"
    },
    {
        "name": "Restauration de la R\u00e9publique",
        "date": "2024-12-31"
    }
]